This is XeTeX, Version 3.141592653-2.6-0.999997 (TeX Live 2025) (preloaded format=xelatex 2025.12.24)  24 DEC 2025 09:50
entering extended mode
 restricted \write18 enabled.
 %&-line parsing enabled.
**v11_preprint.tex
(./v11_preprint.tex
LaTeX2e <2025-11-01>
L3 programming layer <2025-11-14>
(/home/fabian/PBUF5-GPU/paper/texlive/texmf-dist/tex/latex/base/article.cls
Document Class: article 2025/01/22 v1.4n Standard LaTeX document class
(/home/fabian/PBUF5-GPU/paper/texlive/texmf-dist/tex/latex/base/size11.clo
File: size11.clo 2025/01/22 v1.4n Standard LaTeX file (size option)
)
\c@part=\count271
\c@section=\count272
\c@subsection=\count273
\c@subsubsection=\count274
\c@paragraph=\count275
\c@subparagraph=\count276
\c@figure=\count277
\c@table=\count278
\abovecaptionskip=\skip49
\belowcaptionskip=\skip50
\bibindent=\dimen148
)
(/home/fabian/PBUF5-GPU/paper/texlive/texmf-dist/tex/latex/geometry/geometry.st
y
Package: geometry 2020/01/02 v5.9 Page Geometry

(/home/fabian/PBUF5-GPU/paper/texlive/texmf-dist/tex/latex/graphics/keyval.sty
Package: keyval 2022/05/29 v1.15 key=value parser (DPC)
\KV@toks@=\toks17
) (/home/fabian/PBUF5-GPU/paper/texlive/texmf-dist/tex/generic/iftex/ifvtex.sty
Package: ifvtex 2019/10/25 v1.7 ifvtex legacy package. Use iftex instead.

(/home/fabian/PBUF5-GPU/paper/texlive/texmf-dist/tex/generic/iftex/iftex.sty
Package: iftex 2024/12/12 v1.0g TeX engine tests
))
\Gm@cnth=\count279
\Gm@cntv=\count280
\c@Gm@tempcnt=\count281
\Gm@bindingoffset=\dimen149
\Gm@wd@mp=\dimen150
\Gm@odd@mp=\dimen151
\Gm@even@mp=\dimen152
\Gm@layoutwidth=\dimen153
\Gm@layoutheight=\dimen154
\Gm@layouthoffset=\dimen155
\Gm@layoutvoffset=\dimen156
\Gm@dimlist=\toks18
) (/home/fabian/PBUF5-GPU/paper/texlive/texmf-dist/tex/latex/amsmath/amsmath.st
y
Package: amsmath 2025/07/09 v2.17z AMS math features
\@mathmargin=\skip51
For additional information on amsmath, use the `?' option.
(/home/fabian/PBUF5-GPU/paper/texlive/texmf-dist/tex/latex/amsmath/amstext.sty
Package: amstext 2024/11/17 v2.01 AMS text

(/home/fabian/PBUF5-GPU/paper/texlive/texmf-dist/tex/latex/amsmath/amsgen.sty
File: amsgen.sty 1999/11/30 v2.0 generic functions
\@emptytoks=\toks19
\ex@=\dimen157
)) (/home/fabian/PBUF5-GPU/paper/texlive/texmf-dist/tex/latex/amsmath/amsbsy.st
y
Package: amsbsy 1999/11/29 v1.2d Bold Symbols
\pmbraise@=\dimen158
) (/home/fabian/PBUF5-GPU/paper/texlive/texmf-dist/tex/latex/amsmath/amsopn.sty
Package: amsopn 2022/04/08 v2.04 operator names
)
\inf@bad=\count282
LaTeX Info: Redefining \frac on input line 233.
\uproot@=\count283
\leftroot@=\count284
LaTeX Info: Redefining \overline on input line 398.
LaTeX Info: Redefining \colon on input line 409.
\classnum@=\count285
\DOTSCASE@=\count286
LaTeX Info: Redefining \ldots on input line 495.
LaTeX Info: Redefining \dots on input line 498.
LaTeX Info: Redefining \cdots on input line 619.
\Mathstrutbox@=\box53
\strutbox@=\box54
LaTeX Info: Redefining \big on input line 721.
LaTeX Info: Redefining \Big on input line 722.
LaTeX Info: Redefining \bigg on input line 723.
LaTeX Info: Redefining \Bigg on input line 724.
\big@size=\dimen159
LaTeX Font Info:    Redeclaring font encoding OML on input line 742.
LaTeX Font Info:    Redeclaring font encoding OMS on input line 743.
\macc@depth=\count287
LaTeX Info: Redefining \bmod on input line 904.
LaTeX Info: Redefining \pmod on input line 909.
LaTeX Info: Redefining \smash on input line 939.
LaTeX Info: Redefining \relbar on input line 969.
LaTeX Info: Redefining \Relbar on input line 970.
\c@MaxMatrixCols=\count288
\dotsspace@=\muskip17
\c@parentequation=\count289
\dspbrk@lvl=\count290
\tag@help=\toks20
\row@=\count291
\column@=\count292
\maxfields@=\count293
\andhelp@=\toks21
\eqnshift@=\dimen160
\alignsep@=\dimen161
\tagshift@=\dimen162
\tagwidth@=\dimen163
\totwidth@=\dimen164
\lineht@=\dimen165
\@envbody=\toks22
\multlinegap=\skip52
\multlinetaggap=\skip53
\mathdisplay@stack=\toks23
LaTeX Info: Redefining \[ on input line 2950.
LaTeX Info: Redefining \] on input line 2951.
)
(/home/fabian/PBUF5-GPU/paper/texlive/texmf-dist/tex/latex/amsfonts/amssymb.sty
Package: amssymb 2013/01/14 v3.01 AMS font symbols

(/home/fabian/PBUF5-GPU/paper/texlive/texmf-dist/tex/latex/amsfonts/amsfonts.st
y
Package: amsfonts 2013/01/14 v3.01 Basic AMSFonts support
\symAMSa=\mathgroup4
\symAMSb=\mathgroup5
LaTeX Font Info:    Redeclaring math symbol \hbar on input line 98.
LaTeX Font Info:    Overwriting math alphabet `\mathfrak' in version `bold'
(Font)                  U/euf/m/n --> U/euf/b/n on input line 106.
))
(/home/fabian/PBUF5-GPU/paper/texlive/texmf-dist/tex/latex/booktabs/booktabs.st
y
Package: booktabs 2020/01/12 v1.61803398 Publication quality tables
\heavyrulewidth=\dimen166
\lightrulewidth=\dimen167
\cmidrulewidth=\dimen168
\belowrulesep=\dimen169
\belowbottomsep=\dimen170
\aboverulesep=\dimen171
\abovetopsep=\dimen172
\cmidrulesep=\dimen173
\cmidrulekern=\dimen174
\defaultaddspace=\dimen175
\@cmidla=\count294
\@cmidlb=\count295
\@aboverulesep=\dimen176
\@belowrulesep=\dimen177
\@thisruleclass=\count296
\@lastruleclass=\count297
\@thisrulewidth=\dimen178
)
(/home/fabian/PBUF5-GPU/paper/texlive/texmf-dist/tex/latex/hyperref/hyperref.st
y
Package: hyperref 2025-07-12 v7.01o Hypertext links for LaTeX

(/home/fabian/PBUF5-GPU/paper/texlive/texmf-dist/tex/latex/kvsetkeys/kvsetkeys.
sty
Package: kvsetkeys 2022-10-05 v1.19 Key value parser (HO)
)
(/home/fabian/PBUF5-GPU/paper/texlive/texmf-dist/tex/generic/kvdefinekeys/kvdef
inekeys.sty
Package: kvdefinekeys 2019-12-19 v1.6 Define keys (HO)
)
(/home/fabian/PBUF5-GPU/paper/texlive/texmf-dist/tex/generic/pdfescape/pdfescap
e.sty
Package: pdfescape 2019/12/09 v1.15 Implements pdfTeX's escape features (HO)

(/home/fabian/PBUF5-GPU/paper/texlive/texmf-dist/tex/generic/ltxcmds/ltxcmds.st
y
Package: ltxcmds 2023-12-04 v1.26 LaTeX kernel commands for general use (HO)
)
(/home/fabian/PBUF5-GPU/paper/texlive/texmf-dist/tex/generic/pdftexcmds/pdftexc
mds.sty
Package: pdftexcmds 2020-06-27 v0.33 Utility functions of pdfTeX for LuaTeX (HO
)

(/home/fabian/PBUF5-GPU/paper/texlive/texmf-dist/tex/generic/infwarerr/infwarer
r.sty
Package: infwarerr 2019/12/03 v1.5 Providing info/warning/error messages (HO)
)
Package pdftexcmds Info: \pdf@primitive is available.
Package pdftexcmds Info: \pdf@ifprimitive is available.
Package pdftexcmds Info: \pdfdraftmode not found.
))
(/home/fabian/PBUF5-GPU/paper/texlive/texmf-dist/tex/latex/hycolor/hycolor.sty
Package: hycolor 2020-01-27 v1.10 Color options for hyperref/bookmark (HO)
)
(/home/fabian/PBUF5-GPU/paper/texlive/texmf-dist/tex/latex/hyperref/nameref.sty
Package: nameref 2025-06-21 v2.57 Cross-referencing by name of section

(/home/fabian/PBUF5-GPU/paper/texlive/texmf-dist/tex/latex/refcount/refcount.st
y
Package: refcount 2019/12/15 v3.6 Data extraction from label references (HO)
)
(/home/fabian/PBUF5-GPU/paper/texlive/texmf-dist/tex/generic/gettitlestring/get
titlestring.sty
Package: gettitlestring 2019/12/15 v1.6 Cleanup title references (HO)

(/home/fabian/PBUF5-GPU/paper/texlive/texmf-dist/tex/latex/kvoptions/kvoptions.
sty
Package: kvoptions 2022-06-15 v3.15 Key value format for package options (HO)
))
\c@section@level=\count298
)
(/home/fabian/PBUF5-GPU/paper/texlive/texmf-dist/tex/latex/etoolbox/etoolbox.st
y
Package: etoolbox 2025/10/02 v2.5m e-TeX tools for LaTeX (JAW)
\etb@tempcnta=\count299
)
(/home/fabian/PBUF5-GPU/paper/texlive/texmf-dist/tex/generic/stringenc/stringen
c.sty
Package: stringenc 2019/11/29 v1.12 Convert strings between diff. encodings (HO
)
)
\@linkdim=\dimen179
\Hy@linkcounter=\count300
\Hy@pagecounter=\count301

(/home/fabian/PBUF5-GPU/paper/texlive/texmf-dist/tex/latex/hyperref/pd1enc.def
File: pd1enc.def 2025-07-12 v7.01o Hyperref: PDFDocEncoding definition (HO)
)
(/home/fabian/PBUF5-GPU/paper/texlive/texmf-dist/tex/generic/intcalc/intcalc.st
y
Package: intcalc 2019/12/15 v1.3 Expandable calculations with integers (HO)
)
\Hy@SavedSpaceFactor=\count302

(/home/fabian/PBUF5-GPU/paper/texlive/texmf-dist/tex/latex/hyperref/puenc.def
File: puenc.def 2025-07-12 v7.01o Hyperref: PDF Unicode definition (HO)
)
Package hyperref Info: Hyper figures OFF on input line 4195.
Package hyperref Info: Link nesting OFF on input line 4200.
Package hyperref Info: Hyper index ON on input line 4203.
Package hyperref Info: Plain pages OFF on input line 4210.
Package hyperref Info: Backreferencing OFF on input line 4215.
Package hyperref Info: Implicit mode ON; LaTeX internals redefined.
Package hyperref Info: Bookmarks ON on input line 4462.
\c@Hy@tempcnt=\count303

(/home/fabian/PBUF5-GPU/paper/texlive/texmf-dist/tex/latex/url/url.sty
\Urlmuskip=\muskip18
Package: url 2013/09/16  ver 3.4  Verb mode for urls, etc.
)
LaTeX Info: Redefining \url on input line 4801.
\XeTeXLinkMargin=\dimen180

(/home/fabian/PBUF5-GPU/paper/texlive/texmf-dist/tex/generic/bitset/bitset.sty
Package: bitset 2019/12/09 v1.3 Handle bit-vector datatype (HO)

(/home/fabian/PBUF5-GPU/paper/texlive/texmf-dist/tex/generic/bigintcalc/bigintc
alc.sty
Package: bigintcalc 2019/12/15 v1.5 Expandable calculations on big integers (HO
)
))
\Fld@menulength=\count304
\Field@Width=\dimen181
\Fld@charsize=\dimen182
Package hyperref Info: Hyper figures OFF on input line 6078.
Package hyperref Info: Link nesting OFF on input line 6083.
Package hyperref Info: Hyper index ON on input line 6086.
Package hyperref Info: backreferencing OFF on input line 6093.
Package hyperref Info: Link coloring OFF on input line 6098.
Package hyperref Info: Link coloring with OCG OFF on input line 6103.
Package hyperref Info: PDF/A mode OFF on input line 6108.
\Hy@abspage=\count305
\c@Item=\count306
\c@Hfootnote=\count307
)
Package hyperref Info: Driver (autodetected): hxetex.

(/home/fabian/PBUF5-GPU/paper/texlive/texmf-dist/tex/latex/hyperref/hxetex.def
File: hxetex.def 2025-07-12 v7.01o Hyperref driver for XeTeX
\pdfm@box=\box55
\c@Hy@AnnotLevel=\count308
\HyField@AnnotCount=\count309
\Fld@listcount=\count310
\c@bookmark@seq@number=\count311

(/home/fabian/PBUF5-GPU/paper/texlive/texmf-dist/tex/latex/rerunfilecheck/rerun
filecheck.sty
Package: rerunfilecheck 2025-06-21 v1.11 Rerun checks for auxiliary files (HO)

(/home/fabian/PBUF5-GPU/paper/texlive/texmf-dist/tex/generic/uniquecounter/uniq
uecounter.sty
Package: uniquecounter 2019/12/15 v1.4 Provide unlimited unique counter (HO)
)
Package uniquecounter Info: New unique counter `rerunfilecheck' on input line 2
84.
)
\Hy@SectionHShift=\skip54
)
(/home/fabian/PBUF5-GPU/paper/texlive/texmf-dist/tex/latex/xcolor/xcolor.sty
Package: xcolor 2024/09/29 v3.02 LaTeX color extensions (UK)

(/home/fabian/PBUF5-GPU/paper/texlive/texmf-dist/tex/latex/graphics-cfg/color.c
fg
File: color.cfg 2016/01/02 v1.6 sample color configuration
)
Package xcolor Info: Driver file: xetex.def on input line 274.

(/home/fabian/PBUF5-GPU/paper/texlive/texmf-dist/tex/latex/graphics-def/xetex.d
ef
File: xetex.def 2025/11/01 v5.0p Graphics/color driver for xetex
)
(/home/fabian/PBUF5-GPU/paper/texlive/texmf-dist/tex/latex/graphics/mathcolor.l
tx)
Package xcolor Info: Model `cmy' substituted by `cmy0' on input line 1349.
Package xcolor Info: Model `RGB' extended on input line 1365.
Package xcolor Info: Model `HTML' substituted by `rgb' on input line 1367.
Package xcolor Info: Model `Hsb' substituted by `hsb' on input line 1368.
Package xcolor Info: Model `tHsb' substituted by `hsb' on input line 1369.
Package xcolor Info: Model `HSB' substituted by `hsb' on input line 1370.
Package xcolor Info: Model `Gray' substituted by `gray' on input line 1371.
Package xcolor Info: Model `wave' substituted by `hsb' on input line 1372.
)
(/home/fabian/PBUF5-GPU/paper/texlive/texmf-dist/tex/latex/listings/listings.st
y
\lst@mode=\count312
\lst@gtempboxa=\box56
\lst@token=\toks24
\lst@length=\count313
\lst@currlwidth=\dimen183
\lst@column=\count314
\lst@pos=\count315
\lst@lostspace=\dimen184
\lst@width=\dimen185
\lst@newlines=\count316
\lst@lineno=\count317
\lst@maxwidth=\dimen186

(/home/fabian/PBUF5-GPU/paper/texlive/texmf-dist/tex/latex/listings/lstpatch.st
y
File: lstpatch.sty 2025/11/14 1.11b (Carsten Heinz)
)
(/home/fabian/PBUF5-GPU/paper/texlive/texmf-dist/tex/latex/listings/lstmisc.sty
File: lstmisc.sty 2025/11/14 1.11b (Carsten Heinz)
\c@lstnumber=\count318
\lst@skipnumbers=\count319
\lst@framebox=\box57
)
(/home/fabian/PBUF5-GPU/paper/texlive/texmf-dist/tex/latex/listings/listings.cf
g
File: listings.cfg 2025/11/14 1.11b listings configuration
))
Package: listings 2025/11/14 1.11b (Carsten Heinz)

==> First Aid for listings.sty no longer applied!
    Expected:
        2024/09/23 1.10c (Carsten Heinz)
    but found:
        2025/11/14 1.11b (Carsten Heinz)
    so I'm assuming it got fixed.

(/home/fabian/PBUF5-GPU/paper/texlive/texmf-dist/tex/latex/pgfplots/pgfplots.st
y
(/home/fabian/PBUF5-GPU/paper/texlive/texmf-dist/tex/generic/pgfplots/pgfplots.
revision.tex)
Package: pgfplots 2025/08/14 v1.18.2 Data Visualization (1.18.2)

(/home/fabian/PBUF5-GPU/paper/texlive/texmf-dist/tex/latex/graphics/graphicx.st
y
Package: graphicx 2024/12/31 v1.2e Enhanced LaTeX Graphics (DPC,SPQR)

(/home/fabian/PBUF5-GPU/paper/texlive/texmf-dist/tex/latex/graphics/graphics.st
y
Package: graphics 2024/08/06 v1.4g Standard LaTeX Graphics (DPC,SPQR)
 (/home/fabian/PBUF5-GPU/paper/texlive/texmf-dist/tex/latex/graphics/trig.sty
Package: trig 2023/12/02 v1.11 sin cos tan (DPC)
)
(/home/fabian/PBUF5-GPU/paper/texlive/texmf-dist/tex/latex/graphics-cfg/graphic
s.cfg
File: graphics.cfg 2016/06/04 v1.11 sample graphics configuration
)
Package graphics Info: Driver file: xetex.def on input line 106.
)
\Gin@req@height=\dimen187
\Gin@req@width=\dimen188
)
(/home/fabian/PBUF5-GPU/paper/texlive/texmf-dist/tex/latex/pgf/frontendlayer/ti
kz.sty
(/home/fabian/PBUF5-GPU/paper/texlive/texmf-dist/tex/latex/pgf/basiclayer/pgf.s
ty
(/home/fabian/PBUF5-GPU/paper/texlive/texmf-dist/tex/latex/pgf/utilities/pgfrcs
.sty
(/home/fabian/PBUF5-GPU/paper/texlive/texmf-dist/tex/generic/pgf/utilities/pgfu
til-common.tex
\pgfutil@everybye=\toks25
\pgfutil@tempdima=\dimen189
\pgfutil@tempdimb=\dimen190
)
(/home/fabian/PBUF5-GPU/paper/texlive/texmf-dist/tex/generic/pgf/utilities/pgfu
til-latex.def
\pgfutil@abb=\box58
)
(/home/fabian/PBUF5-GPU/paper/texlive/texmf-dist/tex/generic/pgf/utilities/pgfr
cs.code.tex
(/home/fabian/PBUF5-GPU/paper/texlive/texmf-dist/tex/generic/pgf/pgf.revision.t
ex)
Package: pgfrcs 2025-08-29 v3.1.11a (3.1.11a)
))
Package: pgf 2025-08-29 v3.1.11a (3.1.11a)

(/home/fabian/PBUF5-GPU/paper/texlive/texmf-dist/tex/latex/pgf/basiclayer/pgfco
re.sty
(/home/fabian/PBUF5-GPU/paper/texlive/texmf-dist/tex/latex/pgf/systemlayer/pgfs
ys.sty
(/home/fabian/PBUF5-GPU/paper/texlive/texmf-dist/tex/generic/pgf/systemlayer/pg
fsys.code.tex
Package: pgfsys 2025-08-29 v3.1.11a (3.1.11a)

(/home/fabian/PBUF5-GPU/paper/texlive/texmf-dist/tex/generic/pgf/utilities/pgfk
eys.code.tex
\pgfkeys@pathtoks=\toks26
\pgfkeys@temptoks=\toks27

(/home/fabian/PBUF5-GPU/paper/texlive/texmf-dist/tex/generic/pgf/utilities/pgfk
eyslibraryfiltered.code.tex
\pgfkeys@tmptoks=\toks28
))
\pgf@x=\dimen191
\pgf@y=\dimen192
\pgf@xa=\dimen193
\pgf@ya=\dimen194
\pgf@xb=\dimen195
\pgf@yb=\dimen196
\pgf@xc=\dimen197
\pgf@yc=\dimen198
\pgf@xd=\dimen199
\pgf@yd=\dimen256
\w@pgf@writea=\write3
\r@pgf@reada=\read2
\c@pgf@counta=\count320
\c@pgf@countb=\count321
\c@pgf@countc=\count322
\c@pgf@countd=\count323
\t@pgf@toka=\toks29
\t@pgf@tokb=\toks30
\t@pgf@tokc=\toks31
\pgf@sys@id@count=\count324

(/home/fabian/PBUF5-GPU/paper/texlive/texmf-dist/tex/generic/pgf/systemlayer/pg
f.cfg
File: pgf.cfg 2025-08-29 v3.1.11a (3.1.11a)
)
Driver file for pgf: pgfsys-xetex.def

(/home/fabian/PBUF5-GPU/paper/texlive/texmf-dist/tex/generic/pgf/systemlayer/pg
fsys-xetex.def
File: pgfsys-xetex.def 2025-08-29 v3.1.11a (3.1.11a)

(/home/fabian/PBUF5-GPU/paper/texlive/texmf-dist/tex/generic/pgf/systemlayer/pg
fsys-dvipdfmx.def
File: pgfsys-dvipdfmx.def 2025-08-29 v3.1.11a (3.1.11a)

(/home/fabian/PBUF5-GPU/paper/texlive/texmf-dist/tex/generic/pgf/systemlayer/pg
fsys-common-pdf.def
File: pgfsys-common-pdf.def 2025-08-29 v3.1.11a (3.1.11a)
)
\pgfsys@objnum=\count325
)))
(/home/fabian/PBUF5-GPU/paper/texlive/texmf-dist/tex/generic/pgf/systemlayer/pg
fsyssoftpath.code.tex
File: pgfsyssoftpath.code.tex 2025-08-29 v3.1.11a (3.1.11a)
\pgfsyssoftpath@smallbuffer@items=\count326
\pgfsyssoftpath@bigbuffer@items=\count327
)
(/home/fabian/PBUF5-GPU/paper/texlive/texmf-dist/tex/generic/pgf/systemlayer/pg
fsysprotocol.code.tex
File: pgfsysprotocol.code.tex 2025-08-29 v3.1.11a (3.1.11a)
))
(/home/fabian/PBUF5-GPU/paper/texlive/texmf-dist/tex/generic/pgf/basiclayer/pgf
core.code.tex
Package: pgfcore 2025-08-29 v3.1.11a (3.1.11a)

(/home/fabian/PBUF5-GPU/paper/texlive/texmf-dist/tex/generic/pgf/math/pgfmath.c
ode.tex
(/home/fabian/PBUF5-GPU/paper/texlive/texmf-dist/tex/generic/pgf/math/pgfmathut
il.code.tex)
(/home/fabian/PBUF5-GPU/paper/texlive/texmf-dist/tex/generic/pgf/math/pgfmathpa
rser.code.tex
\pgfmath@dimen=\dimen257
\pgfmath@count=\count328
\pgfmath@box=\box59
\pgfmath@toks=\toks32
\pgfmath@stack@operand=\toks33
\pgfmath@stack@operation=\toks34
)
(/home/fabian/PBUF5-GPU/paper/texlive/texmf-dist/tex/generic/pgf/math/pgfmathfu
nctions.code.tex)
(/home/fabian/PBUF5-GPU/paper/texlive/texmf-dist/tex/generic/pgf/math/pgfmathfu
nctions.basic.code.tex)
(/home/fabian/PBUF5-GPU/paper/texlive/texmf-dist/tex/generic/pgf/math/pgfmathfu
nctions.trigonometric.code.tex)
(/home/fabian/PBUF5-GPU/paper/texlive/texmf-dist/tex/generic/pgf/math/pgfmathfu
nctions.random.code.tex)
(/home/fabian/PBUF5-GPU/paper/texlive/texmf-dist/tex/generic/pgf/math/pgfmathfu
nctions.comparison.code.tex)
(/home/fabian/PBUF5-GPU/paper/texlive/texmf-dist/tex/generic/pgf/math/pgfmathfu
nctions.base.code.tex)
(/home/fabian/PBUF5-GPU/paper/texlive/texmf-dist/tex/generic/pgf/math/pgfmathfu
nctions.round.code.tex)
(/home/fabian/PBUF5-GPU/paper/texlive/texmf-dist/tex/generic/pgf/math/pgfmathfu
nctions.misc.code.tex)
(/home/fabian/PBUF5-GPU/paper/texlive/texmf-dist/tex/generic/pgf/math/pgfmathfu
nctions.integerarithmetics.code.tex)
(/home/fabian/PBUF5-GPU/paper/texlive/texmf-dist/tex/generic/pgf/math/pgfmathca
lc.code.tex)
(/home/fabian/PBUF5-GPU/paper/texlive/texmf-dist/tex/generic/pgf/math/pgfmathfl
oat.code.tex
\c@pgfmathroundto@lastzeros=\count329
))
(/home/fabian/PBUF5-GPU/paper/texlive/texmf-dist/tex/generic/pgf/math/pgfint.co
de.tex)
(/home/fabian/PBUF5-GPU/paper/texlive/texmf-dist/tex/generic/pgf/basiclayer/pgf
corepoints.code.tex
File: pgfcorepoints.code.tex 2025-08-29 v3.1.11a (3.1.11a)
\pgf@picminx=\dimen258
\pgf@picmaxx=\dimen259
\pgf@picminy=\dimen260
\pgf@picmaxy=\dimen261
\pgf@pathminx=\dimen262
\pgf@pathmaxx=\dimen263
\pgf@pathminy=\dimen264
\pgf@pathmaxy=\dimen265
\pgf@xx=\dimen266
\pgf@xy=\dimen267
\pgf@yx=\dimen268
\pgf@yy=\dimen269
\pgf@zx=\dimen270
\pgf@zy=\dimen271
)
(/home/fabian/PBUF5-GPU/paper/texlive/texmf-dist/tex/generic/pgf/basiclayer/pgf
corepathconstruct.code.tex
File: pgfcorepathconstruct.code.tex 2025-08-29 v3.1.11a (3.1.11a)
\pgf@path@lastx=\dimen272
\pgf@path@lasty=\dimen273
)
(/home/fabian/PBUF5-GPU/paper/texlive/texmf-dist/tex/generic/pgf/basiclayer/pgf
corepathusage.code.tex
File: pgfcorepathusage.code.tex 2025-08-29 v3.1.11a (3.1.11a)
\pgf@shorten@end@additional=\dimen274
\pgf@shorten@start@additional=\dimen275
)
(/home/fabian/PBUF5-GPU/paper/texlive/texmf-dist/tex/generic/pgf/basiclayer/pgf
corescopes.code.tex
File: pgfcorescopes.code.tex 2025-08-29 v3.1.11a (3.1.11a)
\pgfpic=\box60
\pgf@hbox=\box61
\pgf@layerbox@main=\box62
\pgf@picture@serial@count=\count330
)
(/home/fabian/PBUF5-GPU/paper/texlive/texmf-dist/tex/generic/pgf/basiclayer/pgf
coregraphicstate.code.tex
File: pgfcoregraphicstate.code.tex 2025-08-29 v3.1.11a (3.1.11a)
\pgflinewidth=\dimen276
)
(/home/fabian/PBUF5-GPU/paper/texlive/texmf-dist/tex/generic/pgf/basiclayer/pgf
coretransformations.code.tex
File: pgfcoretransformations.code.tex 2025-08-29 v3.1.11a (3.1.11a)
\pgf@pt@x=\dimen277
\pgf@pt@y=\dimen278
\pgf@pt@temp=\dimen279
)
(/home/fabian/PBUF5-GPU/paper/texlive/texmf-dist/tex/generic/pgf/basiclayer/pgf
corequick.code.tex
File: pgfcorequick.code.tex 2025-08-29 v3.1.11a (3.1.11a)
)
(/home/fabian/PBUF5-GPU/paper/texlive/texmf-dist/tex/generic/pgf/basiclayer/pgf
coreobjects.code.tex
File: pgfcoreobjects.code.tex 2025-08-29 v3.1.11a (3.1.11a)
)
(/home/fabian/PBUF5-GPU/paper/texlive/texmf-dist/tex/generic/pgf/basiclayer/pgf
corepathprocessing.code.tex
File: pgfcorepathprocessing.code.tex 2025-08-29 v3.1.11a (3.1.11a)
)
(/home/fabian/PBUF5-GPU/paper/texlive/texmf-dist/tex/generic/pgf/basiclayer/pgf
corearrows.code.tex
File: pgfcorearrows.code.tex 2025-08-29 v3.1.11a (3.1.11a)
\pgfarrowsep=\dimen280
)
(/home/fabian/PBUF5-GPU/paper/texlive/texmf-dist/tex/generic/pgf/basiclayer/pgf
coreshade.code.tex
File: pgfcoreshade.code.tex 2025-08-29 v3.1.11a (3.1.11a)
\pgf@max=\dimen281
\pgf@sys@shading@range@num=\count331
\pgf@shadingcount=\count332
)
(/home/fabian/PBUF5-GPU/paper/texlive/texmf-dist/tex/generic/pgf/basiclayer/pgf
coreimage.code.tex
File: pgfcoreimage.code.tex 2025-08-29 v3.1.11a (3.1.11a)
)
(/home/fabian/PBUF5-GPU/paper/texlive/texmf-dist/tex/generic/pgf/basiclayer/pgf
coreexternal.code.tex
File: pgfcoreexternal.code.tex 2025-08-29 v3.1.11a (3.1.11a)
\pgfexternal@startupbox=\box63
)
(/home/fabian/PBUF5-GPU/paper/texlive/texmf-dist/tex/generic/pgf/basiclayer/pgf
corelayers.code.tex
File: pgfcorelayers.code.tex 2025-08-29 v3.1.11a (3.1.11a)
)
(/home/fabian/PBUF5-GPU/paper/texlive/texmf-dist/tex/generic/pgf/basiclayer/pgf
coretransparency.code.tex
File: pgfcoretransparency.code.tex 2025-08-29 v3.1.11a (3.1.11a)
)
(/home/fabian/PBUF5-GPU/paper/texlive/texmf-dist/tex/generic/pgf/basiclayer/pgf
corepatterns.code.tex
File: pgfcorepatterns.code.tex 2025-08-29 v3.1.11a (3.1.11a)
)
(/home/fabian/PBUF5-GPU/paper/texlive/texmf-dist/tex/generic/pgf/basiclayer/pgf
corerdf.code.tex
File: pgfcorerdf.code.tex 2025-08-29 v3.1.11a (3.1.11a)
)))
(/home/fabian/PBUF5-GPU/paper/texlive/texmf-dist/tex/generic/pgf/modules/pgfmod
uleshapes.code.tex
File: pgfmoduleshapes.code.tex 2025-08-29 v3.1.11a (3.1.11a)
\pgfnodeparttextbox=\box64
)
(/home/fabian/PBUF5-GPU/paper/texlive/texmf-dist/tex/generic/pgf/modules/pgfmod
uleplot.code.tex
File: pgfmoduleplot.code.tex 2025-08-29 v3.1.11a (3.1.11a)
)
(/home/fabian/PBUF5-GPU/paper/texlive/texmf-dist/tex/latex/pgf/compatibility/pg
fcomp-version-0-65.sty
Package: pgfcomp-version-0-65 2025-08-29 v3.1.11a (3.1.11a)
\pgf@nodesepstart=\dimen282
\pgf@nodesepend=\dimen283
)
(/home/fabian/PBUF5-GPU/paper/texlive/texmf-dist/tex/latex/pgf/compatibility/pg
fcomp-version-1-18.sty
Package: pgfcomp-version-1-18 2025-08-29 v3.1.11a (3.1.11a)
))
(/home/fabian/PBUF5-GPU/paper/texlive/texmf-dist/tex/latex/pgf/utilities/pgffor
.sty
(/home/fabian/PBUF5-GPU/paper/texlive/texmf-dist/tex/latex/pgf/utilities/pgfkey
s.sty
(/home/fabian/PBUF5-GPU/paper/texlive/texmf-dist/tex/generic/pgf/utilities/pgfk
eys.code.tex))
(/home/fabian/PBUF5-GPU/paper/texlive/texmf-dist/tex/latex/pgf/math/pgfmath.sty

(/home/fabian/PBUF5-GPU/paper/texlive/texmf-dist/tex/generic/pgf/math/pgfmath.c
ode.tex))
(/home/fabian/PBUF5-GPU/paper/texlive/texmf-dist/tex/generic/pgf/utilities/pgff
or.code.tex
Package: pgffor 2025-08-29 v3.1.11a (3.1.11a)
\pgffor@iter=\dimen284
\pgffor@skip=\dimen285
\pgffor@stack=\toks35
\pgffor@toks=\toks36
))
(/home/fabian/PBUF5-GPU/paper/texlive/texmf-dist/tex/generic/pgf/frontendlayer/
tikz/tikz.code.tex
Package: tikz 2025-08-29 v3.1.11a (3.1.11a)

(/home/fabian/PBUF5-GPU/paper/texlive/texmf-dist/tex/generic/pgf/libraries/pgfl
ibraryplothandlers.code.tex
File: pgflibraryplothandlers.code.tex 2025-08-29 v3.1.11a (3.1.11a)
\pgf@plot@mark@count=\count333
\pgfplotmarksize=\dimen286
)
\tikz@lastx=\dimen287
\tikz@lasty=\dimen288
\tikz@lastxsaved=\dimen289
\tikz@lastysaved=\dimen290
\tikz@lastmovetox=\dimen291
\tikz@lastmovetoy=\dimen292
\tikzleveldistance=\dimen293
\tikzsiblingdistance=\dimen294
\tikz@figbox=\box65
\tikz@figbox@bg=\box66
\tikz@tempbox=\box67
\tikz@tempbox@bg=\box68
\tikztreelevel=\count334
\tikznumberofchildren=\count335
\tikznumberofcurrentchild=\count336
\tikz@fig@count=\count337

(/home/fabian/PBUF5-GPU/paper/texlive/texmf-dist/tex/generic/pgf/modules/pgfmod
ulematrix.code.tex
File: pgfmodulematrix.code.tex 2025-08-29 v3.1.11a (3.1.11a)
\pgfmatrixcurrentrow=\count338
\pgfmatrixcurrentcolumn=\count339
\pgf@matrix@numberofcolumns=\count340
)
\tikz@expandcount=\count341

(/home/fabian/PBUF5-GPU/paper/texlive/texmf-dist/tex/generic/pgf/frontendlayer/
tikz/libraries/tikzlibrarytopaths.code.tex
File: tikzlibrarytopaths.code.tex 2025-08-29 v3.1.11a (3.1.11a)
)))
(/home/fabian/PBUF5-GPU/paper/texlive/texmf-dist/tex/generic/pgfplots/pgfplots.
code.tex
(/home/fabian/PBUF5-GPU/paper/texlive/texmf-dist/tex/generic/pgfplots/pgfplotsc
ore.code.tex
\t@pgfplots@toka=\toks37
\t@pgfplots@tokb=\toks38
\t@pgfplots@tokc=\toks39
\pgfplots@tmpa=\dimen295
\c@pgfplots@coordindex=\count342
\c@pgfplots@scanlineindex=\count343

(/home/fabian/PBUF5-GPU/paper/texlive/texmf-dist/tex/generic/pgfplots/sys/pgfpl
otssysgeneric.code.tex))
(/home/fabian/PBUF5-GPU/paper/texlive/texmf-dist/tex/generic/pgfplots/libs/pgfp
lotslibrary.code.tex)
(/home/fabian/PBUF5-GPU/paper/texlive/texmf-dist/tex/generic/pgfplots/oldpgfcom
patib/pgfplotsoldpgfsupp_loader.code.tex
(/home/fabian/PBUF5-GPU/paper/texlive/texmf-dist/tex/generic/pgf/libraries/pgfl
ibraryfpu.code.tex)
(/home/fabian/PBUF5-GPU/paper/texlive/texmf-dist/tex/generic/pgfplots/oldpgfcom
patib/pgfplotsoldpgfsupp_pgfutil-common-lists.tex))
(/home/fabian/PBUF5-GPU/paper/texlive/texmf-dist/tex/generic/pgfplots/util/pgfp
lotsutil.code.tex
(/home/fabian/PBUF5-GPU/paper/texlive/texmf-dist/tex/generic/pgfplots/liststruc
ture/pgfplotsliststructure.code.tex)
(/home/fabian/PBUF5-GPU/paper/texlive/texmf-dist/tex/generic/pgfplots/liststruc
ture/pgfplotsliststructureext.code.tex)
(/home/fabian/PBUF5-GPU/paper/texlive/texmf-dist/tex/generic/pgfplots/liststruc
ture/pgfplotsarray.code.tex
\c@pgfplotsarray@tmp=\count344
)
(/home/fabian/PBUF5-GPU/paper/texlive/texmf-dist/tex/generic/pgfplots/liststruc
ture/pgfplotsmatrix.code.tex)
(/home/fabian/PBUF5-GPU/paper/texlive/texmf-dist/tex/generic/pgfplots/numtable/
pgfplotstableshared.code.tex
\c@pgfplotstable@counta=\count345
\t@pgfplotstable@a=\toks40
)
(/home/fabian/PBUF5-GPU/paper/texlive/texmf-dist/tex/generic/pgfplots/liststruc
ture/pgfplotsdeque.code.tex)
(/home/fabian/PBUF5-GPU/paper/texlive/texmf-dist/tex/generic/pgfplots/util/pgfp
lotsbinary.code.tex
(/home/fabian/PBUF5-GPU/paper/texlive/texmf-dist/tex/generic/pgfplots/util/pgfp
lotsbinary.data.code.tex))
(/home/fabian/PBUF5-GPU/paper/texlive/texmf-dist/tex/generic/pgfplots/util/pgfp
lotsutil.verb.code.tex)
(/home/fabian/PBUF5-GPU/paper/texlive/texmf-dist/tex/generic/pgfplots/libs/pgfl
ibrarypgfplots.surfshading.code.tex
\c@pgfplotslibrarysurf@no=\count346

(/home/fabian/PBUF5-GPU/paper/texlive/texmf-dist/tex/generic/pgfplots/sys/pgfli
brarypgfplots.surfshading.pgfsys-xetex.def
(/home/fabian/PBUF5-GPU/paper/texlive/texmf-dist/tex/generic/pgfplots/sys/pgfli
brarypgfplots.surfshading.pgfsys-dvipdfmx.def
\c@pgfplotslibrarysurf@streamlen=\count347
))))
(/home/fabian/PBUF5-GPU/paper/texlive/texmf-dist/tex/generic/pgfplots/util/pgfp
lotscolormap.code.tex
(/home/fabian/PBUF5-GPU/paper/texlive/texmf-dist/tex/generic/pgfplots/util/pgfp
lotscolor.code.tex))
(/home/fabian/PBUF5-GPU/paper/texlive/texmf-dist/tex/generic/pgfplots/pgfplotss
tackedplots.code.tex)
(/home/fabian/PBUF5-GPU/paper/texlive/texmf-dist/tex/generic/pgfplots/pgfplotsp
lothandlers.code.tex
(/home/fabian/PBUF5-GPU/paper/texlive/texmf-dist/tex/generic/pgfplots/pgfplotsm
eshplothandler.code.tex
(/home/fabian/PBUF5-GPU/paper/texlive/texmf-dist/tex/generic/pgfplots/pgfplotsm
eshplotimage.code.tex)))
(/home/fabian/PBUF5-GPU/paper/texlive/texmf-dist/tex/generic/pgfplots/pgfplots.
scaling.code.tex)
(/home/fabian/PBUF5-GPU/paper/texlive/texmf-dist/tex/generic/pgfplots/pgfplotsc
oordprocessing.code.tex)
(/home/fabian/PBUF5-GPU/paper/texlive/texmf-dist/tex/generic/pgfplots/pgfplots.
errorbars.code.tex)
(/home/fabian/PBUF5-GPU/paper/texlive/texmf-dist/tex/generic/pgfplots/pgfplots.
markers.code.tex)
(/home/fabian/PBUF5-GPU/paper/texlive/texmf-dist/tex/generic/pgfplots/pgfplotst
icks.code.tex)
(/home/fabian/PBUF5-GPU/paper/texlive/texmf-dist/tex/generic/pgfplots/pgfplots.
paths.code.tex)
(/home/fabian/PBUF5-GPU/paper/texlive/texmf-dist/tex/generic/pgf/frontendlayer/
tikz/libraries/tikzlibrarydecorations.code.tex
(/home/fabian/PBUF5-GPU/paper/texlive/texmf-dist/tex/generic/pgf/modules/pgfmod
uledecorations.code.tex
\pgfdecoratedcompleteddistance=\dimen296
\pgfdecoratedremainingdistance=\dimen297
\pgfdecoratedinputsegmentcompleteddistance=\dimen298
\pgfdecoratedinputsegmentremainingdistance=\dimen299
\pgf@decorate@distancetomove=\dimen300
\pgf@decorate@repeatstate=\count348
\pgfdecorationsegmentamplitude=\dimen301
\pgfdecorationsegmentlength=\dimen302
)
\tikz@lib@dec@box=\box69
)
(/home/fabian/PBUF5-GPU/paper/texlive/texmf-dist/tex/generic/pgf/frontendlayer/
tikz/libraries/tikzlibrarydecorations.pathmorphing.code.tex
(/home/fabian/PBUF5-GPU/paper/texlive/texmf-dist/tex/generic/pgf/libraries/deco
rations/pgflibrarydecorations.pathmorphing.code.tex))
(/home/fabian/PBUF5-GPU/paper/texlive/texmf-dist/tex/generic/pgf/frontendlayer/
tikz/libraries/tikzlibrarydecorations.pathreplacing.code.tex
(/home/fabian/PBUF5-GPU/paper/texlive/texmf-dist/tex/generic/pgf/libraries/deco
rations/pgflibrarydecorations.pathreplacing.code.tex))
(/home/fabian/PBUF5-GPU/paper/texlive/texmf-dist/tex/generic/pgfplots/libs/tikz
librarypgfplots.contourlua.code.tex)
\pgfplots@numplots=\count349
\pgfplots@xmin@reg=\dimen303
\pgfplots@xmax@reg=\dimen304
\pgfplots@ymin@reg=\dimen305
\pgfplots@ymax@reg=\dimen306
\pgfplots@zmin@reg=\dimen307
\pgfplots@zmax@reg=\dimen308
)
(/home/fabian/PBUF5-GPU/paper/texlive/texmf-dist/tex/generic/pgf/frontendlayer/
tikz/libraries/tikzlibraryplotmarks.code.tex
File: tikzlibraryplotmarks.code.tex 2025-08-29 v3.1.11a (3.1.11a)

(/home/fabian/PBUF5-GPU/paper/texlive/texmf-dist/tex/generic/pgf/libraries/pgfl
ibraryplotmarks.code.tex
File: pgflibraryplotmarks.code.tex 2025-08-29 v3.1.11a (3.1.11a)
)))
(/home/fabian/PBUF5-GPU/paper/texlive/texmf-dist/tex/latex/pgfplots/pgfplotstab
le.sty
(/home/fabian/PBUF5-GPU/paper/texlive/texmf-dist/tex/generic/pgfplots/pgfplots.
revision.tex)
Package: pgfplotstable 2025/08/14 v1.18.2 Table typesetting and Pretty-printing
 (1.18.2)

(/home/fabian/PBUF5-GPU/paper/texlive/texmf-dist/tex/generic/pgfplots/numtable/
pgfplotstable.code.tex
(/home/fabian/PBUF5-GPU/paper/texlive/texmf-dist/tex/generic/pgfplots/numtable/
pgfplotstable.coltype.code.tex))
(/home/fabian/PBUF5-GPU/paper/texlive/texmf-dist/tex/latex/tools/array.sty
Package: array 2025/09/25 v2.6n Tabular extension package (FMi)
\col@sep=\dimen309
\ar@mcellbox=\box70
\extrarowheight=\dimen310
\NC@list=\toks41
\extratabsurround=\skip55
\backup@length=\skip56
\ar@cellbox=\box71
))
(/home/fabian/PBUF5-GPU/paper/texlive/texmf-dist/tex/latex/placeins/placeins.st
y
Package: placeins 2025/12/24 Minimal stub defining \FloatBarrier
)
(/home/fabian/PBUF5-GPU/paper/texlive/texmf-dist/tex/generic/pgfplots/libs/tikz
librarypgfplots.statistics.code.tex)
Package hyperref Info: Option `colorlinks' set `true' on input line 20.

(/home/fabian/PBUF5-GPU/paper/texlive/texmf-dist/tex/latex/l3backend/l3backend-
xetex.def
File: l3backend-xetex.def 2025-10-09 L3 backend support: XeTeX
\g__graphics_track_int=\count350
\g__pdfannot_backend_int=\count351
\g__pdfannot_backend_link_int=\count352
) (./v11_preprint.aux)
\openout1 = `v11_preprint.aux'.

LaTeX Font Info:    Checking defaults for OML/cmm/m/it on input line 38.
LaTeX Font Info:    ... okay on input line 38.
LaTeX Font Info:    Checking defaults for OMS/cmsy/m/n on input line 38.
LaTeX Font Info:    ... okay on input line 38.
LaTeX Font Info:    Checking defaults for OT1/cmr/m/n on input line 38.
LaTeX Font Info:    ... okay on input line 38.
LaTeX Font Info:    Checking defaults for T1/cmr/m/n on input line 38.
LaTeX Font Info:    ... okay on input line 38.
LaTeX Font Info:    Checking defaults for TS1/cmr/m/n on input line 38.
LaTeX Font Info:    ... okay on input line 38.
LaTeX Font Info:    Checking defaults for TU/lmr/m/n on input line 38.
LaTeX Font Info:    ... okay on input line 38.
LaTeX Font Info:    Checking defaults for OMX/cmex/m/n on input line 38.
LaTeX Font Info:    ... okay on input line 38.
LaTeX Font Info:    Checking defaults for U/cmr/m/n on input line 38.
LaTeX Font Info:    ... okay on input line 38.
LaTeX Font Info:    Checking defaults for PD1/pdf/m/n on input line 38.
LaTeX Font Info:    ... okay on input line 38.
LaTeX Font Info:    Checking defaults for PU/pdf/m/n on input line 38.
LaTeX Font Info:    ... okay on input line 38.

*geometry* driver: auto-detecting
*geometry* detected driver: xetex
*geometry* verbose mode - [ preamble ] result:
* driver: xetex
* paper: <default>
* layout: <same size as paper>
* layoutoffset:(h,v)=(0.0pt,0.0pt)
* modes: 
* h-part:(L,W,R)=(72.26999pt, 469.75502pt, 72.26999pt)
* v-part:(T,H,B)=(72.26999pt, 650.43001pt, 72.26999pt)
* \paperwidth=614.295pt
* \paperheight=794.96999pt
* \textwidth=469.75502pt
* \textheight=650.43001pt
* \oddsidemargin=0.0pt
* \evensidemargin=0.0pt
* \topmargin=-37.0pt
* \headheight=12.0pt
* \headsep=25.0pt
* \topskip=11.0pt
* \footskip=30.0pt
* \marginparwidth=59.0pt
* \marginparsep=10.0pt
* \columnsep=10.0pt
* \skip\footins=10.0pt plus 4.0pt minus 2.0pt
* \hoffset=0.0pt
* \voffset=0.0pt
* \mag=1000
* \@twocolumnfalse
* \@twosidefalse
* \@mparswitchfalse
* \@reversemarginfalse
* (1in=72.27pt=25.4mm, 1cm=28.453pt)

Package hyperref Info: Link coloring ON on input line 38.
(./v11_preprint.out) (./v11_preprint.out)
\@outlinefile=\write4
\openout4 = `v11_preprint.out'.

\c@lstlisting=\count353

Package pgfplots notification 'compat/show suggested version=true': document ha
s been generated with the most recent feature set (\pgfplotsset{compat=1.18}).

LaTeX Font Info:    Trying to load font information for U+msa on input line 40.

(/home/fabian/PBUF5-GPU/paper/texlive/texmf-dist/tex/latex/amsfonts/umsa.fd
File: umsa.fd 2013/01/14 v3.01 AMS symbols A
)
LaTeX Font Info:    Trying to load font information for U+msb on input line 40.


(/home/fabian/PBUF5-GPU/paper/texlive/texmf-dist/tex/latex/amsfonts/umsb.fd
File: umsb.fd 2013/01/14 v3.01 AMS symbols B
)
[1

]
File: figures/pbuf_temperature_evolution.png Graphic file (type bmp)
<figures/pbuf_temperature_evolution.png>


Package hyperref Warning: Token not allowed in a PDF string (Unicode):
(hyperref)                removing `math shift' on input line 106.


Package hyperref Warning: Token not allowed in a PDF string (Unicode):
(hyperref)                removing `\alpha' on input line 106.


Overfull \hbox (2.81633pt too wide) in paragraph at lines 120--123
\TU/lmr/m/n/10.95 is consistent with attributing one contribution per spatial d
imension, reflecting the three-dimensional
 []

[2] [3] [4] [5] [6] (./tables/best_fit_parameters.tex)
Overfull \hbox (35.11493pt too wide) in paragraph at lines 265--272
 [][] 
 []

(./tables/chi2_breakdown.tex) [7

]
PGFPlots: reading {data/jackknife_all.csv}
 [8

]
PGFPlots: reading {tables/q_curve_prediction.csv}
PGFPlots: reading {tables/q_curve_prediction.csv}
 [9

]
PGFPlots: reading {tables/fsigma8_prediction.csv}
PGFPlots: reading {tables/fsigma8_prediction.csv}
 [10

] [11

]
Underfull \hbox (badness 10000) in paragraph at lines 478--479
[]\TU/lmr/m/n/10.95 Pantheon+ Collaboration, \TU/lmr/m/it/10.95 The Pantheon+ A
nalysis: Cosmological Constraints\TU/lmr/m/n/10.95 ,
 []

[12] [13] (./v11_preprint.aux)
 ***********
LaTeX2e <2025-11-01>
L3 programming layer <2025-11-14>
 ***********
Package rerunfilecheck Info: File `v11_preprint.out' has not changed.
(rerunfilecheck)             Checksum: FED9585DC75553A5FA0FC1C05699382B;4125.
 ) 
Here is how much of TeX's memory you used:
 32959 strings out of 470198
 786001 string characters out of 5477647
 1402796 words of memory out of 5000000
 61019 multiletter control sequences out of 15000+600000
 636576 words of font info for 88 fonts, out of 8000000 for 9000
 14 hyphenation exceptions out of 8191
 99i,17n,108p,922b,2308s stack positions out of 10000i,1000n,20000p,200000b,200000s

Output written on v11_preprint.pdf (13 pages).
